// Vitest Snapshot v1, https://vitest.dev/guide/snapshot.html

exports[`MaxLength > works 1`] = `
<div>
  <button
    aria-label="Length: Tweet"
    class="Draftail-ToolbarButton "
    data-draftail-balloon="up"
    name="MAX_LENGTH"
    tabindex="-1"
    type="button"
  >
    <svg
      class="ProgressMeter Draftail-Icon"
      height="16"
      width="16"
    >
      <circle
        class="ProgressMeter__background"
        cx="50%"
        cy="50%"
        r="8"
      />
      <circle
        class="ProgressMeter__progressbar"
        cx="50%"
        cy="50%"
        r="8"
        stroke="#1da1f2"
        style="stroke-dasharray: 50.26548245743669; stroke-dashoffset: 50.26548245743669;"
      />
    </svg>
  </button>
</div>
`;
